// Jest Snapshot v1, https://goo.gl/fbAQLP

exports[`Link component sanity matches default snapshot 1`] = `
.c0 {
  box-sizing: border-box;
  color: #1c1ce1;
  font-size: 14px;
  font-weight: 600;
}

.c0 {
  -webkit-text-decoration: none;
  text-decoration: none;
  cursor: pointer;
}

.c0:hover {
  -webkit-text-decoration: underline;
  text-decoration: underline;
  color: #5d93ea;
}

.c0:active {
  -webkit-text-decoration: none;
  text-decoration: none;
  color: #2a60b7;
}

<a
  class="c0"
  color="primary"
  font-size="1"
  font-weight="3"
/>
`;

exports[`Link component sanity matches themed snapshot 1`] = `
.c0 {
  box-sizing: border-box;
  color: #1c1ce1;
  font-size: 14px;
  font-weight: 600;
}

.c0 {
  -webkit-text-decoration: none;
  text-decoration: none;
  cursor: pointer;
}

.c0:hover {
  -webkit-text-decoration: underline;
  text-decoration: underline;
  color: #5d93ea;
}

.c0:active {
  -webkit-text-decoration: none;
  text-decoration: none;
  color: #2a60b7;
}

<a
  class="c0"
  color="primary"
  font-size="1"
  font-weight="3"
/>
`;
